<html>
<body>
<pre>
<h1>µVision Build Log</h1>
<h2>Tool Versions:</h2>
IDE-Version: ¦ÌVision V5.24.2.0
Copyright (C) 2017 ARM Ltd and ARM Germany GmbH. All rights reserved.
License Information: ÌìÑÄ ºúÌÒÈü¸ß, ÈÆÌ«ÑôÈÆÌ«Ñô, LIC=SDA0P-MYCP4-X7FRZ-JE8B3-NC0LM-KYJ9R
 
Tool Versions:
Toolchain:       MDK-ARM Plus  Version: 5.24.1
Toolchain Path:  J:\Keil5\Core\ARM\ARMCC\Bin
C Compiler:      Armcc.exe V5.06 update 5 (build 528)
Assembler:       Armasm.exe V5.06 update 5 (build 528)
Linker/Locator:  ArmLink.exe V5.06 update 5 (build 528)
Library Manager: ArmAr.exe V5.06 update 5 (build 528)
Hex Converter:   FromElf.exe V5.06 update 5 (build 528)
CPU DLL:         SARMCM3.DLL V5.24.1
Dialog DLL:      DCM.DLL V1.16.0.0
Target DLL:      STLink\ST-LINKIII-KEIL_SWO.dll V3.0.1.0
Dialog DLL:      TCM.DLL V1.32.0.0
 
<h2>Project:</h2>
J:\EXPEND\Github_Repositories\Two_wheel_balance_car\MPU6050\MDK-ARM\MPU6050.uvprojx
Project File Date:  08/29/2022

<h2>Output:</h2>
*** Using Compiler 'V5.06 update 5 (build 528)', folder: 'J:\Keil5\Core\ARM\ARMCC\Bin'
Build target 'MPU6050'
compiling PID.c...
..\Core\Src\PID.c(22): warning:  #177-D: variable "velocity_Ki"  was declared but never referenced
  	static float velocity_Kp=1.8,velocity_Ki=0.1;
..\Core\Src\PID.c(23): warning:  #177-D: variable "velocity_S"  was declared but never referenced
  	static int speed,velocity_S,low_out_last,low_out;
..\Core\Src\PID.c(23): warning:  #177-D: variable "low_out_last"  was declared but never referenced
  	static int speed,velocity_S,low_out_last,low_out;
..\Core\Src\PID.c(23): warning:  #177-D: variable "low_out"  was declared but never referenced
  	static int speed,velocity_S,low_out_last,low_out;
..\Core\Src\PID.c: 4 warnings, 0 errors
linking...
Program Size: Code=24956 RO-data=5828 RW-data=188 ZI-data=1540  
FromELF: creating hex file...
"MPU6050\MPU6050.axf" - 0 Error(s), 4 Warning(s).

<h2>Software Packages used:</h2>

Package Vendor: ARM
                http://www.keil.com/pack/ARM.CMSIS.5.0.1.pack
                ARM.CMSIS.5.0.1
                CMSIS (Cortex Microcontroller Software Interface Standard)
   * Component: CORE Version: 5.0.1

Package Vendor: Keil
                http://www.keil.com/pack/Keil.STM32F1xx_DFP.2.2.0.pack
                Keil.STM32F1xx_DFP.2.2.0
                STMicroelectronics STM32F1 Series Device Support, Drivers and Examples

<h2>Collection of Component include folders:</h2>
  .\RTE\_MPU6050
  J:\Keil5\Core\ARM\PACK\ARM\CMSIS\5.0.1\CMSIS\Include
  J:\Keil5\Core\ARM\PACK\Keil\STM32F1xx_DFP\2.2.0\Device\Include

<h2>Collection of Component Files used:</h2>

   * Component: ARM::CMSIS:CORE:5.0.1
Build Time Elapsed:  00:00:00
</pre>
</body>
</html>
